typedef int A ;
typedef struct C {int x;int y;} C ;
typedef int D ;
